
> temp-app@0.1.0 build
> next build

Γצ▓ Next.js 16.1.6 (Turbopack)

  Creating an optimized production build ...
node.exe : Turbopack 
build encountered 3 
warnings:
Au caractère Ligne:1 
: 1
+ & "C:\Program Files
\nodejs/node.exe" 
"C:\Program 
Files\nodejs/node_mo 
...
+ ~~~~~~~~~~~~~~~~~~~
~~~~~~~~~~~~~~~~~~~~~
~~~~~~~~~~~~~~~~~~~~~
~~~~~~~~
    + CategoryInfo   
           : NotSpe  
  cified: (Turbopa   
 ck build encount    
ered 3 warnings:    
:String) [], Rem    
oteException
    + FullyQualified 
   ErrorId : Native  
  CommandError
 
[next]/internal/font/
google/1a072933b891be
a6-s.p.woff2
Error while 
requesting resource
There was an issue 
establishing a 
connection while 
requesting https://fo
nts.gstatic.com/s/ass
istant/v24/2sDcZGJYnI
jSi6H75xkzaGW5Kb8VZA.
woff2
Hint: It looks like 
this error was 
TLS-related. Try 
enabling system TLS 
certificates with NEX
T_TURBOPACK_EXPERIMEN
TAL_USE_SYSTEM_TLS_CE
RTS=1 as an 
environment 
variable, or set expe
rimental.turbopackUse
SystemTlsCerts in 
your next.config.js 
file.


[next]/internal/font/
google/4c42083b9bffcb
01-s.p.woff2
Error while 
requesting resource
There was an issue 
establishing a 
connection while 
requesting https://fo
nts.gstatic.com/s/ass
istant/v24/2sDcZGJYnI
jSi6H75xkzamW5Kb8VZBH
R.woff2
Hint: It looks like 
this error was 
TLS-related. Try 
enabling system TLS 
certificates with NEX
T_TURBOPACK_EXPERIMEN
TAL_USE_SYSTEM_TLS_CE
RTS=1 as an 
environment 
variable, or set expe
rimental.turbopackUse
SystemTlsCerts in 
your next.config.js 
file.


[next]/internal/font/
google/7136e67f09dfad
82-s.woff2
Error while 
requesting resource
There was an issue 
establishing a 
connection while 
requesting https://fo
nts.gstatic.com/s/ass
istant/v24/2sDcZGJYnI
jSi6H75xkzZmW5Kb8VZBH
R.woff2
Hint: It looks like 
this error was 
TLS-related. Try 
enabling system TLS 
certificates with NEX
T_TURBOPACK_EXPERIMEN
TAL_USE_SYSTEM_TLS_CE
RTS=1 as an 
environment 
variable, or set expe
rimental.turbopackUse
SystemTlsCerts in 
your next.config.js 
file.



> Build error 
occurred
Error: Turbopack 
build failed with 15 
errors:
[next]/internal/font/
google/assistant_e5ce
da77.module.css:8:9
Module not found: 
Can't resolve '@verce
l/turbopack-next/inte
rnal/font/google/font
'
[0m [90m  6 |[39m 
  font[33m-[39mdisp
lay[33m:[39m 
swap[33m;[39m
 [90m  7 |[39m   
src[33m:[39m url([
33m@[39mvercel[33m/
[39mturbopack[33m-
[39mnext[33m/[39min
ternal[33m/[39mfont
[33m/[39mgoogle[35
m/font?{%22url%22:%22
https:/[39m[33m/[3
9mfonts[33m.[39mgst
atic[33m.[39mcom[3
3m/[39ms[33m/[39ma
ssistant[33m/[39mv2
4[33m/[39m[35m2[3
9msDcZGJYnIjSi6H75xkz
amW5Kb8VZBHR[33m.[3
9mwoff2[33m%[39m[3
5m22[39m[33m,[39m
[33m%[39m[35m22[39
mpreload[33m%[39m[
35m22[39m[33m:[39m
[36mtrue[39m[33m,
[39m[33m%[39m[35m2
2[39mhas_size_adjust
[33m%[39m[35m22[3
9m[33m:[39m[36mtru
e[39m}) format([32m
'woff2'[39m)[33m;[
39m
[31m[1m>[22m[39m
[90m  8 |[39m   unic
ode[33m-[39mrange[
33m:[39m [33mU[39m
[33m+[39m[35m0307
[39m[33m-[39m[35m0
308[39m[33m,[39m 
[33mU[39m[33m+[39m
[35m0590[39m[33m-
[39m[35m05[39m[33m
FF[39m[33m,[39m [
33mU[39m[33m+[39m
[35m200[39m[33mC[3
9m[33m-[39m[35m201
0[39m[33m,[39m [3
3mU[39m[33m+[39m[
35m20[39m[33mAA[39
m[33m,[39m [33mU[
39m[33m+[39m[35m25
[39m[33mCC[39m[33
m,[39m [33mU[39m[
33m+[39m[33mFB1D[3
9m[33m-[39m[33mFB4
F[39m[33m;[39m
 [90m    |[39m     
    
[31m[1m^[22m[39m
 [90m  9 |[39m }
 [90m 10 |[39m 
[90m/* latin-ext 
*/[39m
 [90m 11 |[39m [33
m@[39mfont[33m-[39
mface {[0m

Import map: Resolved 
by import map


Import trace:
  Server Component:
    [next]/internal/f
ont/google/assistant_
e5ceda77.module.css
    [next]/internal/f
ont/google/assistant_
e5ceda77.js
    ./app/layout.tsx

https://nextjs.org/do
cs/messages/module-no
t-found


[next]/internal/font/
google/assistant_e5ce
da77.module.css:17:9
Module not found: 
Can't resolve '@verce
l/turbopack-next/inte
rnal/font/google/font
'
[0m [90m 15 |[39m 
  font[33m-[39mdisp
lay[33m:[39m 
swap[33m;[39m
 [90m 16 |[39m   
src[33m:[39m url([
33m@[39mvercel[33m/
[39mturbopack[33m-
[39mnext[33m/[39min
ternal[33m/[39mfont
[33m/[39mgoogle[35
m/font?{%22url%22:%22
https:/[39m[33m/[3
9mfonts[33m.[39mgst
atic[33m.[39mcom[3
3m/[39ms[33m/[39ma
ssistant[33m/[39mv2
4[33m/[39m[35m2[3
9msDcZGJYnIjSi6H75xkz
ZmW5Kb8VZBHR[33m.[3
9mwoff2[33m%[39m[3
5m22[39m[33m,[39m
[33m%[39m[35m22[39
mpreload[33m%[39m[
35m22[39m[33m:[39m
[36mfalse[39m[33m,
[39m[33m%[39m[35m
22[39mhas_size_adjus
t[33m%[39m[35m22[
39m[33m:[39m[36mtr
ue[39m}) format([32
m'woff2'[39m)[33m;
[39m
[31m[1m>[22m[39m
[90m 17 |[39m   unic
ode[33m-[39mrange[
33m:[39m [33mU[39m
[33m+[39m[35m0100
[39m[33m-[39m[35m0
2[39m[33mBA[39m[3
3m,[39m [33mU[39m
[33m+[39m[35m02[39
m[33mBD[39m[33m-[
39m[35m02[39m[33mC
5[39m[33m,[39m [3
3mU[39m[33m+[39m[
35m02[39m[33mC7[39
m[33m-[39m[35m02[
39m[33mCC[39m[33m,
[39m [33mU[39m[33
m+[39m[35m02[39m[
33mCE[39m[33m-[39m
[35m02[39m[33mD7[
39m[33m,[39m [33mU
[39m[33m+[39m[35m
02[39m[33mDD[39m[
33m-[39m[35m02[39m
[33mFF[39m[33m,[3
9m [33mU[39m[33m+
[39m[35m0304[39m[3
3m,[39m [33mU[39m
[33m+[39m[35m0308[
39m[33m,[39m [33mU
[39m[33m+[39m[35m
0329[39m[33m,[39m 
[33mU[39m[33m+[39
m[35m1[39m[33mD00
[39m[33m-[39m[35m1
[39m[33mDBF[39m[3
3m,[39m [33mU[39m
[33m+[39m[35m1E00[
39m[33m-[39m[35m1E
9[39m[33mF[39m[33
m,[39m [33mU[39m[
33m+[39m[35m1[39m
[33mEF2[39m[33m-[3
9m[35m1[39m[33mEFF
[39m[33m,[39m [33
mU[39m[33m+[39m[3
5m2020[39m[33m,[39
m [33mU[39m[33m+[
39m[35m20[39m[33mA
0[39m[33m-[39m[35
m20[39m[33mAB[39m
[33m,[39m [33mU[39
m[33m+[39m[35m20[
39m[33mAD[39m[33m-
[39m[35m20[39m[33
mC0[39m[33m,[39m 
[33mU[39m[33m+[39m
[35m2113[39m[33m,
[39m [33mU[39m[33m
+[39m[35m2[39m[33
mC60[39m[33m-[39m
[35m2[39m[33mC7F[3
9m[33m,[39m [33mU
[39m[33m+[39m[33mA
720[39m[33m-[39m[
33mA7FF[39m[33m;[3
9m
 [90m    |[39m     
    
[31m[1m^[22m[39m
 [90m 18 |[39m }
 [90m 19 |[39m 
[90m/* latin */[39m
 [90m 20 |[39m [33
m@[39mfont[33m-[39
mface {[0m

Import map: Resolved 
by import map


Import trace:
  Server Component:
    [next]/internal/f
ont/google/assistant_
e5ceda77.module.css
    [next]/internal/f
ont/google/assistant_
e5ceda77.js
    ./app/layout.tsx

https://nextjs.org/do
cs/messages/module-no
t-found


[next]/internal/font/
google/assistant_e5ce
da77.module.css:26:9
Module not found: 
Can't resolve '@verce
l/turbopack-next/inte
rnal/font/google/font
'
[0m [90m 24 |[39m 
  font[33m-[39mdisp
lay[33m:[39m 
swap[33m;[39m
 [90m 25 |[39m   
src[33m:[39m url([
33m@[39mvercel[33m/
[39mturbopack[33m-
[39mnext[33m/[39min
ternal[33m/[39mfont
[33m/[39mgoogle[35
m/font?{%22url%22:%22
https:/[39m[33m/[3
9mfonts[33m.[39mgst
atic[33m.[39mcom[3
3m/[39ms[33m/[39ma
ssistant[33m/[39mv2
4[33m/[39m[35m2[3
9msDcZGJYnIjSi6H75xkz
aGW5Kb8VZA[33m.[39m
woff2[33m%[39m[35m
22[39m[33m,[39m[3
3m%[39m[35m22[39mp
reload[33m%[39m[35
m22[39m[33m:[39m[
36mtrue[39m[33m,[3
9m[33m%[39m[35m22
[39mhas_size_adjust[
33m%[39m[35m22[39m
[33m:[39m[36mtrue
[39m}) format([32m'w
off2'[39m)[33m;[39
m
[31m[1m>[22m[39m
[90m 26 |[39m   unic
ode[33m-[39mrange[
33m:[39m [33mU[39m
[33m+[39m[35m0000
[39m[33m-[39m[35m0
0[39m[33mFF[39m[3
3m,[39m [33mU[39m
[33m+[39m[35m0131[
39m[33m,[39m [33mU
[39m[33m+[39m[35m
0152[39m[33m-[39m
[35m0153[39m[33m,[
39m [33mU[39m[33m+
[39m[35m02[39m[33
mBB[39m[33m-[39m[
35m02[39m[33mBC[39
m[33m,[39m [33mU[
39m[33m+[39m[35m02
[39m[33mC6[39m[33
m,[39m [33mU[39m[
33m+[39m[35m02[39m
[33mDA[39m[33m,[3
9m [33mU[39m[33m+
[39m[35m02[39m[33m
DC[39m[33m,[39m [
33mU[39m[33m+[39m
[35m0304[39m[33m,[
39m [33mU[39m[33m+
[39m[35m0308[39m[
33m,[39m [33mU[39m
[33m+[39m[35m0329
[39m[33m,[39m [33m
U[39m[33m+[39m[35
m2000[39m[33m-[39m
[35m206[39m[33mF[
39m[33m,[39m [33mU
[39m[33m+[39m[35m
20[39m[33mAC[39m[
33m,[39m [33mU[39m
[33m+[39m[35m2122
[39m[33m,[39m [33m
U[39m[33m+[39m[35
m2191[39m[33m,[39m
 [33mU[39m[33m+[3
9m[35m2193[39m[33m
,[39m [33mU[39m[3
3m+[39m[35m2212[39
m[33m,[39m [33mU[
39m[33m+[39m[35m22
15[39m[33m,[39m [
33mU[39m[33m+[39m
[33mFEFF[39m[33m,[
39m [33mU[39m[33m+
[39m[33mFFFD[39m[
33m;[39m
 [90m    |[39m     
    
[31m[1m^[22m[39m
 [90m 27 |[39m }
 [90m 28 |[39m 
[90m/* hebrew 
*/[39m
 [90m 29 |[39m [33
m@[39mfont[33m-[39
mface {[0m

Import map: Resolved 
by import map


Import trace:
  Server Component:
    [next]/internal/f
ont/google/assistant_
e5ceda77.module.css
    [next]/internal/f
ont/google/assistant_
e5ceda77.js
    ./app/layout.tsx

https://nextjs.org/do
cs/messages/module-no
t-found


[next]/internal/font/
google/assistant_e5ce
da77.module.css:35:9
Module not found: 
Can't resolve '@verce
l/turbopack-next/inte
rnal/font/google/font
'
[0m [90m 33 |[39m 
  font[33m-[39mdisp
lay[33m:[39m 
swap[33m;[39m
 [90m 34 |[39m   
src[33m:[39m url([
33m@[39mvercel[33m/
[39mturbopack[33m-
[39mnext[33m/[39min
ternal[33m/[39mfont
[33m/[39mgoogle[35
m/font?{%22url%22:%22
https:/[39m[33m/[3
9mfonts[33m.[39mgst
atic[33m.[39mcom[3
3m/[39ms[33m/[39ma
ssistant[33m/[39mv2
4[33m/[39m[35m2[3
9msDcZGJYnIjSi6H75xkz
amW5Kb8VZBHR[33m.[3
9mwoff2[33m%[39m[3
5m22[39m[33m,[39m
[33m%[39m[35m22[39
mpreload[33m%[39m[
35m22[39m[33m:[39m
[36mtrue[39m[33m,
[39m[33m%[39m[35m2
2[39mhas_size_adjust
[33m%[39m[35m22[3
9m[33m:[39m[36mtru
e[39m}) format([32m
'woff2'[39m)[33m;[
39m
[31m[1m>[22m[39m
[90m 35 |[39m   unic
ode[33m-[39mrange[
33m:[39m [33mU[39m
[33m+[39m[35m0307
[39m[33m-[39m[35m0
308[39m[33m,[39m 
[33mU[39m[33m+[39m
[35m0590[39m[33m-
[39m[35m05[39m[33m
FF[39m[33m,[39m [
33mU[39m[33m+[39m
[35m200[39m[33mC[3
9m[33m-[39m[35m201
0[39m[33m,[39m [3
3mU[39m[33m+[39m[
35m20[39m[33mAA[39
m[33m,[39m [33mU[
39m[33m+[39m[35m25
[39m[33mCC[39m[33
m,[39m [33mU[39m[
33m+[39m[33mFB1D[3
9m[33m-[39m[33mFB4
F[39m[33m;[39m
 [90m    |[39m     
    
[31m[1m^[22m[39m
 [90m 36 |[39m }
 [90m 37 |[39m 
[90m/* latin-ext 
*/[39m
 [90m 38 |[39m [33
m@[39mfont[33m-[39
mface {[0m

Import map: Resolved 
by import map


Import trace:
  Server Component:
    [next]/internal/f
ont/google/assistant_
e5ceda77.module.css
    [next]/internal/f
ont/google/assistant_
e5ceda77.js
    ./app/layout.tsx

https://nextjs.org/do
cs/messages/module-no
t-found


[next]/internal/font/
google/assistant_e5ce
da77.module.css:44:9
Module not found: 
Can't resolve '@verce
l/turbopack-next/inte
rnal/font/google/font
'
[0m [90m 42 |[39m 
  font[33m-[39mdisp
lay[33m:[39m 
swap[33m;[39m
 [90m 43 |[39m   
src[33m:[39m url([
33m@[39mvercel[33m/
[39mturbopack[33m-
[39mnext[33m/[39min
ternal[33m/[39mfont
[33m/[39mgoogle[35
m/font?{%22url%22:%22
https:/[39m[33m/[3
9mfonts[33m.[39mgst
atic[33m.[39mcom[3
3m/[39ms[33m/[39ma
ssistant[33m/[39mv2
4[33m/[39m[35m2[3
9msDcZGJYnIjSi6H75xkz
ZmW5Kb8VZBHR[33m.[3
9mwoff2[33m%[39m[3
5m22[39m[33m,[39m
[33m%[39m[35m22[39
mpreload[33m%[39m[
35m22[39m[33m:[39m
[36mfalse[39m[33m,
[39m[33m%[39m[35m
22[39mhas_size_adjus
t[33m%[39m[35m22[
39m[33m:[39m[36mtr
ue[39m}) format([32
m'woff2'[39m)[33m;
[39m
[31m[1m>[22m[39m
[90m 44 |[39m   unic
ode[33m-[39mrange[
33m:[39m [33mU[39m
[33m+[39m[35m0100
[39m[33m-[39m[35m0
2[39m[33mBA[39m[3
3m,[39m [33mU[39m
[33m+[39m[35m02[39
m[33mBD[39m[33m-[
39m[35m02[39m[33mC
5[39m[33m,[39m [3
3mU[39m[33m+[39m[
35m02[39m[33mC7[39
m[33m-[39m[35m02[
39m[33mCC[39m[33m,
[39m [33mU[39m[33
m+[39m[35m02[39m[
33mCE[39m[33m-[39m
[35m02[39m[33mD7[
39m[33m,[39m [33mU
[39m[33m+[39m[35m
02[39m[33mDD[39m[
33m-[39m[35m02[39m
[33mFF[39m[33m,[3
9m [33mU[39m[33m+
[39m[35m0304[39m[3
3m,[39m [33mU[39m
[33m+[39m[35m0308[
39m[33m,[39m [33mU
[39m[33m+[39m[35m
0329[39m[33m,[39m 
[33mU[39m[33m+[39
m[35m1[39m[33mD00
[39m[33m-[39m[35m1
[39m[33mDBF[39m[3
3m,[39m [33mU[39m
[33m+[39m[35m1E00[
39m[33m-[39m[35m1E
9[39m[33mF[39m[33
m,[39m [33mU[39m[
33m+[39m[35m1[39m
[33mEF2[39m[33m-[3
9m[35m1[39m[33mEFF
[39m[33m,[39m [33
mU[39m[33m+[39m[3
5m2020[39m[33m,[39
m [33mU[39m[33m+[
39m[35m20[39m[33mA
0[39m[33m-[39m[35
m20[39m[33mAB[39m
[33m,[39m [33mU[39
m[33m+[39m[35m20[
39m[33mAD[39m[33m-
[39m[35m20[39m[33
mC0[39m[33m,[39m 
[33mU[39m[33m+[39m
[35m2113[39m[33m,
[39m [33mU[39m[33m
+[39m[35m2[39m[33
mC60[39m[33m-[39m
[35m2[39m[33mC7F[3
9m[33m,[39m [33mU
[39m[33m+[39m[33mA
720[39m[33m-[39m[
33mA7FF[39m[33m;[3
9m
 [90m    |[39m     
    
[31m[1m^[22m[39m
 [90m 45 |[39m }
 [90m 46 |[39m 
[90m/* latin */[39m
 [90m 47 |[39m [33
m@[39mfont[33m-[39
mface {[0m

Import map: Resolved 
by import map


Import trace:
  Server Component:
    [next]/internal/f
ont/google/assistant_
e5ceda77.module.css
    [next]/internal/f
ont/google/assistant_
e5ceda77.js
    ./app/layout.tsx

https://nextjs.org/do
cs/messages/module-no
t-found


[next]/internal/font/
google/assistant_e5ce
da77.module.css:53:9
Module not found: 
Can't resolve '@verce
l/turbopack-next/inte
rnal/font/google/font
'
[0m [90m 51 |[39m 
  font[33m-[39mdisp
lay[33m:[39m 
swap[33m;[39m
 [90m 52 |[39m   
src[33m:[39m url([
33m@[39mvercel[33m/
[39mturbopack[33m-
[39mnext[33m/[39min
ternal[33m/[39mfont
[33m/[39mgoogle[35
m/font?{%22url%22:%22
https:/[39m[33m/[3
9mfonts[33m.[39mgst
atic[33m.[39mcom[3
3m/[39ms[33m/[39ma
ssistant[33m/[39mv2
4[33m/[39m[35m2[3
9msDcZGJYnIjSi6H75xkz
aGW5Kb8VZA[33m.[39m
woff2[33m%[39m[35m
22[39m[33m,[39m[3
3m%[39m[35m22[39mp
reload[33m%[39m[35
m22[39m[33m:[39m[
36mtrue[39m[33m,[3
9m[33m%[39m[35m22
[39mhas_size_adjust[
33m%[39m[35m22[39m
[33m:[39m[36mtrue
[39m}) format([32m'w
off2'[39m)[33m;[39
m
[31m[1m>[22m[39m
[90m 53 |[39m   unic
ode[33m-[39mrange[
33m:[39m [33mU[39m
[33m+[39m[35m0000
[39m[33m-[39m[35m0
0[39m[33mFF[39m[3
3m,[39m [33mU[39m
[33m+[39m[35m0131[
39m[33m,[39m [33mU
[39m[33m+[39m[35m
0152[39m[33m-[39m
[35m0153[39m[33m,[
39m [33mU[39m[33m+
[39m[35m02[39m[33
mBB[39m[33m-[39m[
35m02[39m[33mBC[39
m[33m,[39m [33mU[
39m[33m+[39m[35m02
[39m[33mC6[39m[33
m,[39m [33mU[39m[
33m+[39m[35m02[39m
[33mDA[39m[33m,[3
9m [33mU[39m[33m+
[39m[35m02[39m[33m
DC[39m[33m,[39m [
33mU[39m[33m+[39m
[35m0304[39m[33m,[
39m [33mU[39m[33m+
[39m[35m0308[39m[
33m,[39m [33mU[39m
[33m+[39m[35m0329
[39m[33m,[39m [33m
U[39m[33m+[39m[35
m2000[39m[33m-[39m
[35m206[39m[33mF[
39m[33m,[39m [33mU
[39m[33m+[39m[35m
20[39m[33mAC[39m[
33m,[39m [33mU[39m
[33m+[39m[35m2122
[39m[33m,[39m [33m
U[39m[33m+[39m[35
m2191[39m[33m,[39m
 [33mU[39m[33m+[3
9m[35m2193[39m[33m
,[39m [33mU[39m[3
3m+[39m[35m2212[39
m[33m,[39m [33mU[
39m[33m+[39m[35m22
15[39m[33m,[39m [
33mU[39m[33m+[39m
[33mFEFF[39m[33m,[
39m [33mU[39m[33m+
[39m[33mFFFD[39m[
33m;[39m
 [90m    |[39m     
    
[31m[1m^[22m[39m
 [90m 54 |[39m }
 [90m 55 |[39m 
[90m/* hebrew 
*/[39m
 [90m 56 |[39m [33
m@[39mfont[33m-[39
mface {[0m

Import map: Resolved 
by import map


Import trace:
  Server Component:
    [next]/internal/f
ont/google/assistant_
e5ceda77.module.css
    [next]/internal/f
ont/google/assistant_
e5ceda77.js
    ./app/layout.tsx

https://nextjs.org/do
cs/messages/module-no
t-found


[next]/internal/font/
google/assistant_e5ce
da77.module.css:62:9
Module not found: 
Can't resolve '@verce
l/turbopack-next/inte
rnal/font/google/font
'
[0m [90m 60 |[39m 
  font[33m-[39mdisp
lay[33m:[39m 
swap[33m;[39m
 [90m 61 |[39m   
src[33m:[39m url([
33m@[39mvercel[33m/
[39mturbopack[33m-
[39mnext[33m/[39min
ternal[33m/[39mfont
[33m/[39mgoogle[35
m/font?{%22url%22:%22
https:/[39m[33m/[3
9mfonts[33m.[39mgst
atic[33m.[39mcom[3
3m/[39ms[33m/[39ma
ssistant[33m/[39mv2
4[33m/[39m[35m2[3
9msDcZGJYnIjSi6H75xkz
amW5Kb8VZBHR[33m.[3
9mwoff2[33m%[39m[3
5m22[39m[33m,[39m
[33m%[39m[35m22[39
mpreload[33m%[39m[
35m22[39m[33m:[39m
[36mtrue[39m[33m,
[39m[33m%[39m[35m2
2[39mhas_size_adjust
[33m%[39m[35m22[3
9m[33m:[39m[36mtru
e[39m}) format([32m
'woff2'[39m)[33m;[
39m
[31m[1m>[22m[39m
[90m 62 |[39m   unic
ode[33m-[39mrange[
33m:[39m [33mU[39m
[33m+[39m[35m0307
[39m[33m-[39m[35m0
308[39m[33m,[39m 
[33mU[39m[33m+[39m
[35m0590[39m[33m-
[39m[35m05[39m[33m
FF[39m[33m,[39m [
33mU[39m[33m+[39m
[35m200[39m[33mC[3
9m[33m-[39m[35m201
0[39m[33m,[39m [3
3mU[39m[33m+[39m[
35m20[39m[33mAA[39
m[33m,[39m [33mU[
39m[33m+[39m[35m25
[39m[33mCC[39m[33
m,[39m [33mU[39m[
33m+[39m[33mFB1D[3
9m[33m-[39m[33mFB4
F[39m[33m;[39m
 [90m    |[39m     
    
[31m[1m^[22m[39m
 [90m 63 |[39m }
 [90m 64 |[39m 
[90m/* latin-ext 
*/[39m
 [90m 65 |[39m [33
m@[39mfont[33m-[39
mface {[0m

Import map: Resolved 
by import map


Import trace:
  Server Component:
    [next]/internal/f
ont/google/assistant_
e5ceda77.module.css
    [next]/internal/f
ont/google/assistant_
e5ceda77.js
    ./app/layout.tsx

https://nextjs.org/do
cs/messages/module-no
t-found


[next]/internal/font/
google/assistant_e5ce
da77.module.css:71:9
Module not found: 
Can't resolve '@verce
l/turbopack-next/inte
rnal/font/google/font
'
[0m [90m 69 |[39m 
  font[33m-[39mdisp
lay[33m:[39m 
swap[33m;[39m
 [90m 70 |[39m   
src[33m:[39m url([
33m@[39mvercel[33m/
[39mturbopack[33m-
[39mnext[33m/[39min
ternal[33m/[39mfont
[33m/[39mgoogle[35
m/font?{%22url%22:%22
https:/[39m[33m/[3
9mfonts[33m.[39mgst
atic[33m.[39mcom[3
3m/[39ms[33m/[39ma
ssistant[33m/[39mv2
4[33m/[39m[35m2[3
9msDcZGJYnIjSi6H75xkz
ZmW5Kb8VZBHR[33m.[3
9mwoff2[33m%[39m[3
5m22[39m[33m,[39m
[33m%[39m[35m22[39
mpreload[33m%[39m[
35m22[39m[33m:[39m
[36mfalse[39m[33m,
[39m[33m%[39m[35m
22[39mhas_size_adjus
t[33m%[39m[35m22[
39m[33m:[39m[36mtr
ue[39m}) format([32
m'woff2'[39m)[33m;
[39m
[31m[1m>[22m[39m
[90m 71 |[39m   unic
ode[33m-[39mrange[
33m:[39m [33mU[39m
[33m+[39m[35m0100
[39m[33m-[39m[35m0
2[39m[33mBA[39m[3
3m,[39m [33mU[39m
[33m+[39m[35m02[39
m[33mBD[39m[33m-[
39m[35m02[39m[33mC
5[39m[33m,[39m [3
3mU[39m[33m+[39m[
35m02[39m[33mC7[39
m[33m-[39m[35m02[
39m[33mCC[39m[33m,
[39m [33mU[39m[33
m+[39m[35m02[39m[
33mCE[39m[33m-[39m
[35m02[39m[33mD7[
39m[33m,[39m [33mU
[39m[33m+[39m[35m
02[39m[33mDD[39m[
33m-[39m[35m02[39m
[33mFF[39m[33m,[3
9m [33mU[39m[33m+
[39m[35m0304[39m[3
3m,[39m [33mU[39m
[33m+[39m[35m0308[
39m[33m,[39m [33mU
[39m[33m+[39m[35m
0329[39m[33m,[39m 
[33mU[39m[33m+[39
m[35m1[39m[33mD00
[39m[33m-[39m[35m1
[39m[33mDBF[39m[3
3m,[39m [33mU[39m
[33m+[39m[35m1E00[
39m[33m-[39m[35m1E
9[39m[33mF[39m[33
m,[39m [33mU[39m[
33m+[39m[35m1[39m
[33mEF2[39m[33m-[3
9m[35m1[39m[33mEFF
[39m[33m,[39m [33
mU[39m[33m+[39m[3
5m2020[39m[33m,[39
m [33mU[39m[33m+[
39m[35m20[39m[33mA
0[39m[33m-[39m[35
m20[39m[33mAB[39m
[33m,[39m [33mU[39
m[33m+[39m[35m20[
39m[33mAD[39m[33m-
[39m[35m20[39m[33
mC0[39m[33m,[39m 
[33mU[39m[33m+[39m
[35m2113[39m[33m,
[39m [33mU[39m[33m
+[39m[35m2[39m[33
mC60[39m[33m-[39m
[35m2[39m[33mC7F[3
9m[33m,[39m [33mU
[39m[33m+[39m[33mA
720[39m[33m-[39m[
33mA7FF[39m[33m;[3
9m
 [90m    |[39m     
    
[31m[1m^[22m[39m
 [90m 72 |[39m }
 [90m 73 |[39m 
[90m/* latin */[39m
 [90m 74 |[39m [33
m@[39mfont[33m-[39
mface {[0m

Import map: Resolved 
by import map


Import trace:
  Server Component:
    [next]/internal/f
ont/google/assistant_
e5ceda77.module.css
    [next]/internal/f
ont/google/assistant_
e5ceda77.js
    ./app/layout.tsx

https://nextjs.org/do
cs/messages/module-no
t-found


[next]/internal/font/
google/assistant_e5ce
da77.module.css:80:9
Module not found: 
Can't resolve '@verce
l/turbopack-next/inte
rnal/font/google/font
'
[0m [90m 78 |[39m 
  font[33m-[39mdisp
lay[33m:[39m 
swap[33m;[39m
 [90m 79 |[39m   
src[33m:[39m url([
33m@[39mvercel[33m/
[39mturbopack[33m-
[39mnext[33m/[39min
ternal[33m/[39mfont
[33m/[39mgoogle[35
m/font?{%22url%22:%22
https:/[39m[33m/[3
9mfonts[33m.[39mgst
atic[33m.[39mcom[3
3m/[39ms[33m/[39ma
ssistant[33m/[39mv2
4[33m/[39m[35m2[3
9msDcZGJYnIjSi6H75xkz
aGW5Kb8VZA[33m.[39m
woff2[33m%[39m[35m
22[39m[33m,[39m[3
3m%[39m[35m22[39mp
reload[33m%[39m[35
m22[39m[33m:[39m[
36mtrue[39m[33m,[3
9m[33m%[39m[35m22
[39mhas_size_adjust[
33m%[39m[35m22[39m
[33m:[39m[36mtrue
[39m}) format([32m'w
off2'[39m)[33m;[39
m
[31m[1m>[22m[39m
[90m 80 |[39m   unic
ode[33m-[39mrange[
33m:[39m [33mU[39m
[33m+[39m[35m0000
[39m[33m-[39m[35m0
0[39m[33mFF[39m[3
3m,[39m [33mU[39m
[33m+[39m[35m0131[
39m[33m,[39m [33mU
[39m[33m+[39m[35m
0152[39m[33m-[39m
[35m0153[39m[33m,[
39m [33mU[39m[33m+
[39m[35m02[39m[33
mBB[39m[33m-[39m[
35m02[39m[33mBC[39
m[33m,[39m [33mU[
39m[33m+[39m[35m02
[39m[33mC6[39m[33
m,[39m [33mU[39m[
33m+[39m[35m02[39m
[33mDA[39m[33m,[3
9m [33mU[39m[33m+
[39m[35m02[39m[33m
DC[39m[33m,[39m [
33mU[39m[33m+[39m
[35m0304[39m[33m,[
39m [33mU[39m[33m+
[39m[35m0308[39m[
33m,[39m [33mU[39m
[33m+[39m[35m0329
[39m[33m,[39m [33m
U[39m[33m+[39m[35
m2000[39m[33m-[39m
[35m206[39m[33mF[
39m[33m,[39m [33mU
[39m[33m+[39m[35m
20[39m[33mAC[39m[
33m,[39m [33mU[39m
[33m+[39m[35m2122
[39m[33m,[39m [33m
U[39m[33m+[39m[35
m2191[39m[33m,[39m
 [33mU[39m[33m+[3
9m[35m2193[39m[33m
,[39m [33mU[39m[3
3m+[39m[35m2212[39
m[33m,[39m [33mU[
39m[33m+[39m[35m22
15[39m[33m,[39m [
33mU[39m[33m+[39m
[33mFEFF[39m[33m,[
39m [33mU[39m[33m+
[39m[33mFFFD[39m[
33m;[39m
 [90m    |[39m     
    
[31m[1m^[22m[39m
 [90m 81 |[39m }
 [90m 82 |[39m 
[90m/* hebrew 
*/[39m
 [90m 83 |[39m [33
m@[39mfont[33m-[39
mface {[0m

Import map: Resolved 
by import map


Import trace:
  Server Component:
    [next]/internal/f
ont/google/assistant_
e5ceda77.module.css
    [next]/internal/f
ont/google/assistant_
e5ceda77.js
    ./app/layout.tsx

https://nextjs.org/do
cs/messages/module-no
t-found


[next]/internal/font/
google/assistant_e5ce
da77.module.css:89:9
Module not found: 
Can't resolve '@verce
l/turbopack-next/inte
rnal/font/google/font
'
[0m [90m 87 |[39m 
  font[33m-[39mdisp
lay[33m:[39m 
swap[33m;[39m
 [90m 88 |[39m   
src[33m:[39m url([
33m@[39mvercel[33m/
[39mturbopack[33m-
[39mnext[33m/[39min
ternal[33m/[39mfont
[33m/[39mgoogle[35
m/font?{%22url%22:%22
https:/[39m[33m/[3
9mfonts[33m.[39mgst
atic[33m.[39mcom[3
3m/[39ms[33m/[39ma
ssistant[33m/[39mv2
4[33m/[39m[35m2[3
9msDcZGJYnIjSi6H75xkz
amW5Kb8VZBHR[33m.[3
9mwoff2[33m%[39m[3
5m22[39m[33m,[39m
[33m%[39m[35m22[39
mpreload[33m%[39m[
35m22[39m[33m:[39m
[36mtrue[39m[33m,
[39m[33m%[39m[35m2
2[39mhas_size_adjust
[33m%[39m[35m22[3
9m[33m:[39m[36mtru
e[39m}) format([32m
'woff2'[39m)[33m;[
39m
[31m[1m>[22m[39m
[90m 89 |[39m   unic
ode[33m-[39mrange[
33m:[39m [33mU[39m
[33m+[39m[35m0307
[39m[33m-[39m[35m0
308[39m[33m,[39m 
[33mU[39m[33m+[39m
[35m0590[39m[33m-
[39m[35m05[39m[33m
FF[39m[33m,[39m [
33mU[39m[33m+[39m
[35m200[39m[33mC[3
9m[33m-[39m[35m201
0[39m[33m,[39m [3
3mU[39m[33m+[39m[
35m20[39m[33mAA[39
m[33m,[39m [33mU[
39m[33m+[39m[35m25
[39m[33mCC[39m[33
m,[39m [33mU[39m[
33m+[39m[33mFB1D[3
9m[33m-[39m[33mFB4
F[39m[33m;[39m
 [90m    |[39m     
    
[31m[1m^[22m[39m
 [90m 90 |[39m }
 [90m 91 |[39m 
[90m/* latin-ext 
*/[39m
 [90m 92 |[39m [33
m@[39mfont[33m-[39
mface {[0m

Import map: Resolved 
by import map


Import trace:
  Server Component:
    [next]/internal/f
ont/google/assistant_
e5ceda77.module.css
    [next]/internal/f
ont/google/assistant_
e5ceda77.js
    ./app/layout.tsx

https://nextjs.org/do
cs/messages/module-no
t-found


[next]/internal/font/
google/assistant_e5ce
da77.module.css:98:9
Module not found: 
Can't resolve '@verce
l/turbopack-next/inte
rnal/font/google/font
'
[0m [90m  96 
|[39m   font[33m-[
39mdisplay[33m:[39m
 swap[33m;[39m
 [90m  97 |[39m   
src[33m:[39m url([
33m@[39mvercel[33m/
[39mturbopack[33m-
[39mnext[33m/[39min
ternal[33m/[39mfont
[33m/[39mgoogle[35
m/font?{%22url%22:%22
https:/[39m[33m/[3
9mfonts[33m.[39mgst
atic[33m.[39mcom[3
3m/[39ms[33m/[39ma
ssistant[33m/[39mv2
4[33m/[39m[35m2[3
9msDcZGJYnIjSi6H75xkz
ZmW5Kb8VZBHR[33m.[3
9mwoff2[33m%[39m[3
5m22[39m[33m,[39m
[33m%[39m[35m22[39
mpreload[33m%[39m[
35m22[39m[33m:[39m
[36mfalse[39m[33m,
[39m[33m%[39m[35m
22[39mhas_size_adjus
t[33m%[39m[35m22[
39m[33m:[39m[36mtr
ue[39m}) format([32
m'woff2'[39m)[33m;
[39m
[31m[1m>[22m[39m
[90m  98 |[39m   uni
code[33m-[39mrange
[33m:[39m [33mU[39
m[33m+[39m[35m0100
[39m[33m-[39m[35m
02[39m[33mBA[39m[
33m,[39m [33mU[39m
[33m+[39m[35m02[3
9m[33mBD[39m[33m-
[39m[35m02[39m[33m
C5[39m[33m,[39m [
33mU[39m[33m+[39m
[35m02[39m[33mC7[3
9m[33m-[39m[35m02
[39m[33mCC[39m[33m
,[39m [33mU[39m[3
3m+[39m[35m02[39m
[33mCE[39m[33m-[39
m[35m02[39m[33mD7
[39m[33m,[39m [33m
U[39m[33m+[39m[35
m02[39m[33mDD[39m
[33m-[39m[35m02[39
m[33mFF[39m[33m,[
39m [33mU[39m[33m+
[39m[35m0304[39m[
33m,[39m [33mU[39m
[33m+[39m[35m0308
[39m[33m,[39m [33m
U[39m[33m+[39m[35
m0329[39m[33m,[39m
 [33mU[39m[33m+[3
9m[35m1[39m[33mD00
[39m[33m-[39m[35m
1[39m[33mDBF[39m[
33m,[39m [33mU[39m
[33m+[39m[35m1E00
[39m[33m-[39m[35m1
E9[39m[33mF[39m[3
3m,[39m [33mU[39m
[33m+[39m[35m1[39m
[33mEF2[39m[33m-[
39m[35m1[39m[33mEF
F[39m[33m,[39m [3
3mU[39m[33m+[39m[
35m2020[39m[33m,[3
9m [33mU[39m[33m+
[39m[35m20[39m[33m
A0[39m[33m-[39m[3
5m20[39m[33mAB[39m
[33m,[39m [33mU[3
9m[33m+[39m[35m20
[39m[33mAD[39m[33m
-[39m[35m20[39m[3
3mC0[39m[33m,[39m 
[33mU[39m[33m+[39
m[35m2113[39m[33m,
[39m [33mU[39m[33
m+[39m[35m2[39m[3
3mC60[39m[33m-[39m
[35m2[39m[33mC7F[
39m[33m,[39m [33mU
[39m[33m+[39m[33m
A720[39m[33m-[39m
[33mA7FF[39m[33m;[
39m
 [90m     |[39m    
     
[31m[1m^[22m[39m
 [90m  99 |[39m }
 [90m 100 |[39m 
[90m/* latin */[39m
 [90m 101 |[39m [3
3m@[39mfont[33m-[3
9mface {[0m

Import map: Resolved 
by import map


Import trace:
  Server Component:
    [next]/internal/f
ont/google/assistant_
e5ceda77.module.css
    [next]/internal/f
ont/google/assistant_
e5ceda77.js
    ./app/layout.tsx

https://nextjs.org/do
cs/messages/module-no
t-found


[next]/internal/font/
google/assistant_e5ce
da77.module.css:107:9
Module not found: 
Can't resolve '@verce
l/turbopack-next/inte
rnal/font/google/font
'
[0m [90m 105 
|[39m   font[33m-[
39mdisplay[33m:[39m
 swap[33m;[39m
 [90m 106 |[39m   
src[33m:[39m url([
33m@[39mvercel[33m/
[39mturbopack[33m-
[39mnext[33m/[39min
ternal[33m/[39mfont
[33m/[39mgoogle[35
m/font?{%22url%22:%22
https:/[39m[33m/[3
9mfonts[33m.[39mgst
atic[33m.[39mcom[3
3m/[39ms[33m/[39ma
ssistant[33m/[39mv2
4[33m/[39m[35m2[3
9msDcZGJYnIjSi6H75xkz
aGW5Kb8VZA[33m.[39m
woff2[33m%[39m[35m
22[39m[33m,[39m[3
3m%[39m[35m22[39mp
reload[33m%[39m[35
m22[39m[33m:[39m[
36mtrue[39m[33m,[3
9m[33m%[39m[35m22
[39mhas_size_adjust[
33m%[39m[35m22[39m
[33m:[39m[36mtrue
[39m}) format([32m'w
off2'[39m)[33m;[39
m
[31m[1m>[22m[39m
[90m 107 |[39m   uni
code[33m-[39mrange
[33m:[39m [33mU[39
m[33m+[39m[35m0000
[39m[33m-[39m[35m
00[39m[33mFF[39m[
33m,[39m [33mU[39m
[33m+[39m[35m0131
[39m[33m,[39m [33m
U[39m[33m+[39m[35
m0152[39m[33m-[39m
[35m0153[39m[33m,
[39m [33mU[39m[33m
+[39m[35m02[39m[3
3mBB[39m[33m-[39m
[35m02[39m[33mBC[3
9m[33m,[39m [33mU
[39m[33m+[39m[35m0
2[39m[33mC6[39m[3
3m,[39m [33mU[39m
[33m+[39m[35m02[39
m[33mDA[39m[33m,[
39m [33mU[39m[33m+
[39m[35m02[39m[33
mDC[39m[33m,[39m 
[33mU[39m[33m+[39m
[35m0304[39m[33m,
[39m [33mU[39m[33m
+[39m[35m0308[39m
[33m,[39m [33mU[39
m[33m+[39m[35m0329
[39m[33m,[39m [33
mU[39m[33m+[39m[3
5m2000[39m[33m-[39
m[35m206[39m[33mF
[39m[33m,[39m [33m
U[39m[33m+[39m[35
m20[39m[33mAC[39m
[33m,[39m [33mU[39
m[33m+[39m[35m2122
[39m[33m,[39m [33
mU[39m[33m+[39m[3
5m2191[39m[33m,[39
m [33mU[39m[33m+[
39m[35m2193[39m[33
m,[39m [33mU[39m[
33m+[39m[35m2212[3
9m[33m,[39m [33mU
[39m[33m+[39m[35m2
215[39m[33m,[39m 
[33mU[39m[33m+[39m
[33mFEFF[39m[33m,
[39m [33mU[39m[33m
+[39m[33mFFFD[39m
[33m;[39m
 [90m     |[39m    
     
[31m[1m^[22m[39m
 [90m 108 |[39m }
 [90m 109 |[39m 
[90m/* hebrew 
*/[39m
 [90m 110 |[39m [3
3m@[39mfont[33m-[3
9mface {[0m

Import map: Resolved 
by import map


Import trace:
  Server Component:
    [next]/internal/f
ont/google/assistant_
e5ceda77.module.css
    [next]/internal/f
ont/google/assistant_
e5ceda77.js
    ./app/layout.tsx

https://nextjs.org/do
cs/messages/module-no
t-found


[next]/internal/font/
google/assistant_e5ce
da77.module.css:116:9
Module not found: 
Can't resolve '@verce
l/turbopack-next/inte
rnal/font/google/font
'
[0m [90m 114 
|[39m   font[33m-[
39mdisplay[33m:[39m
 swap[33m;[39m
 [90m 115 |[39m   
src[33m:[39m url([
33m@[39mvercel[33m/
[39mturbopack[33m-
[39mnext[33m/[39min
ternal[33m/[39mfont
[33m/[39mgoogle[35
m/font?{%22url%22:%22
https:/[39m[33m/[3
9mfonts[33m.[39mgst
atic[33m.[39mcom[3
3m/[39ms[33m/[39ma
ssistant[33m/[39mv2
4[33m/[39m[35m2[3
9msDcZGJYnIjSi6H75xkz
amW5Kb8VZBHR[33m.[3
9mwoff2[33m%[39m[3
5m22[39m[33m,[39m
[33m%[39m[35m22[39
mpreload[33m%[39m[
35m22[39m[33m:[39m
[36mtrue[39m[33m,
[39m[33m%[39m[35m2
2[39mhas_size_adjust
[33m%[39m[35m22[3
9m[33m:[39m[36mtru
e[39m}) format([32m
'woff2'[39m)[33m;[
39m
[31m[1m>[22m[39m
[90m 116 |[39m   uni
code[33m-[39mrange
[33m:[39m [33mU[39
m[33m+[39m[35m0307
[39m[33m-[39m[35m
0308[39m[33m,[39m 
[33mU[39m[33m+[39
m[35m0590[39m[33m-
[39m[35m05[39m[33
mFF[39m[33m,[39m 
[33mU[39m[33m+[39m
[35m200[39m[33mC[
39m[33m-[39m[35m20
10[39m[33m,[39m [
33mU[39m[33m+[39m
[35m20[39m[33mAA[3
9m[33m,[39m [33mU
[39m[33m+[39m[35m2
5[39m[33mCC[39m[3
3m,[39m [33mU[39m
[33m+[39m[33mFB1D[
39m[33m-[39m[33mFB
4F[39m[33m;[39m
 [90m     |[39m    
     
[31m[1m^[22m[39m
 [90m 117 |[39m }
 [90m 118 |[39m 
[90m/* latin-ext 
*/[39m
 [90m 119 |[39m [3
3m@[39mfont[33m-[3
9mface {[0m

Import map: Resolved 
by import map


Import trace:
  Server Component:
    [next]/internal/f
ont/google/assistant_
e5ceda77.module.css
    [next]/internal/f
ont/google/assistant_
e5ceda77.js
    ./app/layout.tsx

https://nextjs.org/do
cs/messages/module-no
t-found


[next]/internal/font/
google/assistant_e5ce
da77.module.css:125:9
Module not found: 
Can't resolve '@verce
l/turbopack-next/inte
rnal/font/google/font
'
[0m [90m 123 
|[39m   font[33m-[
39mdisplay[33m:[39m
 swap[33m;[39m
 [90m 124 |[39m   
src[33m:[39m url([
33m@[39mvercel[33m/
[39mturbopack[33m-
[39mnext[33m/[39min
ternal[33m/[39mfont
[33m/[39mgoogle[35
m/font?{%22url%22:%22
https:/[39m[33m/[3
9mfonts[33m.[39mgst
atic[33m.[39mcom[3
3m/[39ms[33m/[39ma
ssistant[33m/[39mv2
4[33m/[39m[35m2[3
9msDcZGJYnIjSi6H75xkz
ZmW5Kb8VZBHR[33m.[3
9mwoff2[33m%[39m[3
5m22[39m[33m,[39m
[33m%[39m[35m22[39
mpreload[33m%[39m[
35m22[39m[33m:[39m
[36mfalse[39m[33m,
[39m[33m%[39m[35m
22[39mhas_size_adjus
t[33m%[39m[35m22[
39m[33m:[39m[36mtr
ue[39m}) format([32
m'woff2'[39m)[33m;
[39m
[31m[1m>[22m[39m
[90m 125 |[39m   uni
code[33m-[39mrange
[33m:[39m [33mU[39
m[33m+[39m[35m0100
[39m[33m-[39m[35m
02[39m[33mBA[39m[
33m,[39m [33mU[39m
[33m+[39m[35m02[3
9m[33mBD[39m[33m-
[39m[35m02[39m[33m
C5[39m[33m,[39m [
33mU[39m[33m+[39m
[35m02[39m[33mC7[3
9m[33m-[39m[35m02
[39m[33mCC[39m[33m
,[39m [33mU[39m[3
3m+[39m[35m02[39m
[33mCE[39m[33m-[39
m[35m02[39m[33mD7
[39m[33m,[39m [33m
U[39m[33m+[39m[35
m02[39m[33mDD[39m
[33m-[39m[35m02[39
m[33mFF[39m[33m,[
39m [33mU[39m[33m+
[39m[35m0304[39m[
33m,[39m [33mU[39m
[33m+[39m[35m0308
[39m[33m,[39m [33m
U[39m[33m+[39m[35
m0329[39m[33m,[39m
 [33mU[39m[33m+[3
9m[35m1[39m[33mD00
[39m[33m-[39m[35m
1[39m[33mDBF[39m[
33m,[39m [33mU[39m
[33m+[39m[35m1E00
[39m[33m-[39m[35m1
E9[39m[33mF[39m[3
3m,[39m [33mU[39m
[33m+[39m[35m1[39m
[33mEF2[39m[33m-[
39m[35m1[39m[33mEF
F[39m[33m,[39m [3
3mU[39m[33m+[39m[
35m2020[39m[33m,[3
9m [33mU[39m[33m+
[39m[35m20[39m[33m
A0[39m[33m-[39m[3
5m20[39m[33mAB[39m
[33m,[39m [33mU[3
9m[33m+[39m[35m20
[39m[33mAD[39m[33m
-[39m[35m20[39m[3
3mC0[39m[33m,[39m 
[33mU[39m[33m+[39
m[35m2113[39m[33m,
[39m [33mU[39m[33
m+[39m[35m2[39m[3
3mC60[39m[33m-[39m
[35m2[39m[33mC7F[
39m[33m,[39m [33mU
[39m[33m+[39m[33m
A720[39m[33m-[39m
[33mA7FF[39m[33m;[
39m
 [90m     |[39m    
     
[31m[1m^[22m[39m
 [90m 126 |[39m }
 [90m 127 |[39m 
[90m/* latin */[39m
 [90m 128 |[39m [3
3m@[39mfont[33m-[3
9mface {[0m

Import map: Resolved 
by import map


Import trace:
  Server Component:
    [next]/internal/f
ont/google/assistant_
e5ceda77.module.css
    [next]/internal/f
ont/google/assistant_
e5ceda77.js
    ./app/layout.tsx

https://nextjs.org/do
cs/messages/module-no
t-found


[next]/internal/font/
google/assistant_e5ce
da77.module.css:134:9
Module not found: 
Can't resolve '@verce
l/turbopack-next/inte
rnal/font/google/font
'
[0m [90m 132 
|[39m   font[33m-[
39mdisplay[33m:[39m
 swap[33m;[39m
 [90m 133 |[39m   
src[33m:[39m url([
33m@[39mvercel[33m/
[39mturbopack[33m-
[39mnext[33m/[39min
ternal[33m/[39mfont
[33m/[39mgoogle[35
m/font?{%22url%22:%22
https:/[39m[33m/[3
9mfonts[33m.[39mgst
atic[33m.[39mcom[3
3m/[39ms[33m/[39ma
ssistant[33m/[39mv2
4[33m/[39m[35m2[3
9msDcZGJYnIjSi6H75xkz
aGW5Kb8VZA[33m.[39m
woff2[33m%[39m[35m
22[39m[33m,[39m[3
3m%[39m[35m22[39mp
reload[33m%[39m[35
m22[39m[33m:[39m[
36mtrue[39m[33m,[3
9m[33m%[39m[35m22
[39mhas_size_adjust[
33m%[39m[35m22[39m
[33m:[39m[36mtrue
[39m}) format([32m'w
off2'[39m)[33m;[39
m
[31m[1m>[22m[39m
[90m 134 |[39m   uni
code[33m-[39mrange
[33m:[39m [33mU[39
m[33m+[39m[35m0000
[39m[33m-[39m[35m
00[39m[33mFF[39m[
33m,[39m [33mU[39m
[33m+[39m[35m0131
[39m[33m,[39m [33m
U[39m[33m+[39m[35
m0152[39m[33m-[39m
[35m0153[39m[33m,
[39m [33mU[39m[33m
+[39m[35m02[39m[3
3mBB[39m[33m-[39m
[35m02[39m[33mBC[3
9m[33m,[39m [33mU
[39m[33m+[39m[35m0
2[39m[33mC6[39m[3
3m,[39m [33mU[39m
[33m+[39m[35m02[39
m[33mDA[39m[33m,[
39m [33mU[39m[33m+
[39m[35m02[39m[33
mDC[39m[33m,[39m 
[33mU[39m[33m+[39m
[35m0304[39m[33m,
[39m [33mU[39m[33m
+[39m[35m0308[39m
[33m,[39m [33mU[39
m[33m+[39m[35m0329
[39m[33m,[39m [33
mU[39m[33m+[39m[3
5m2000[39m[33m-[39
m[35m206[39m[33mF
[39m[33m,[39m [33m
U[39m[33m+[39m[35
m20[39m[33mAC[39m
[33m,[39m [33mU[39
m[33m+[39m[35m2122
[39m[33m,[39m [33
mU[39m[33m+[39m[3
5m2191[39m[33m,[39
m [33mU[39m[33m+[
39m[35m2193[39m[33
m,[39m [33mU[39m[
33m+[39m[35m2212[3
9m[33m,[39m [33mU
[39m[33m+[39m[35m2
215[39m[33m,[39m 
[33mU[39m[33m+[39m
[33mFEFF[39m[33m,
[39m [33mU[39m[33m
+[39m[33mFFFD[39m
[33m;[39m
 [90m     |[39m    
     
[31m[1m^[22m[39m
 [90m 135 |[39m }
 [90m 136 |[39m [3
3m@[39mfont[33m-[3
9mface {
 [90m 137 |[39m    
 font[33m-[39mfamil
y[33m:[39m 
[32m'Assistant Fallb
ack'[39m[33m;[39m
[0m

Import map: Resolved 
by import map


Import trace:
  Server Component:
    [next]/internal/f
ont/google/assistant_
e5ceda77.module.css
    [next]/internal/f
ont/google/assistant_
e5ceda77.js
    ./app/layout.tsx

https://nextjs.org/do
cs/messages/module-no
t-found


    at <unknown> ([ne
xt]/internal/font/goo
gle/assistant_e5ceda7
7.module.css:8:9)
    at <unknown> (htt
ps://nextjs.org/docs/
messages/module-not-f
ound)
    at <unknown> ([ne
xt]/internal/font/goo
gle/assistant_e5ceda7
7.module.css:17:9)
    at <unknown> (htt
ps://nextjs.org/docs/
messages/module-not-f
ound)
    at <unknown> ([ne
xt]/internal/font/goo
gle/assistant_e5ceda7
7.module.css:26:9)
    at <unknown> (htt
ps://nextjs.org/docs/
messages/module-not-f
ound)
    at <unknown> ([ne
xt]/internal/font/goo
gle/assistant_e5ceda7
7.module.css:35:9)
    at <unknown> (htt
ps://nextjs.org/docs/
messages/module-not-f
ound)
    at <unknown> ([ne
xt]/internal/font/goo
gle/assistant_e5ceda7
7.module.css:44:9)
    at <unknown> (htt
ps://nextjs.org/docs/
messages/module-not-f
ound)
    at <unknown> ([ne
xt]/internal/font/goo
gle/assistant_e5ceda7
7.module.css:53:9)
    at <unknown> (htt
ps://nextjs.org/docs/
messages/module-not-f
ound)
    at <unknown> ([ne
xt]/internal/font/goo
gle/assistant_e5ceda7
7.module.css:62:9)
    at <unknown> (htt
ps://nextjs.org/docs/
messages/module-not-f
ound)
    at <unknown> ([ne
xt]/internal/font/goo
gle/assistant_e5ceda7
7.module.css:71:9)
    at <unknown> (htt
ps://nextjs.org/docs/
messages/module-not-f
ound)
    at <unknown> ([ne
xt]/internal/font/goo
gle/assistant_e5ceda7
7.module.css:80:9)
    at <unknown> (htt
ps://nextjs.org/docs/
messages/module-not-f
ound)
    at <unknown> ([ne
xt]/internal/font/goo
gle/assistant_e5ceda7
7.module.css:89:9)
    at <unknown> (htt
ps://nextjs.org/docs/
messages/module-not-f
ound)
    at <unknown> ([ne
xt]/internal/font/goo
gle/assistant_e5ceda7
7.module.css:98:9)
    at <unknown> (htt
ps://nextjs.org/docs/
messages/module-not-f
ound)
    at <unknown> ([ne
xt]/internal/font/goo
gle/assistant_e5ceda7
7.module.css:107:9)
    at <unknown> (htt
ps://nextjs.org/docs/
messages/module-not-f
ound)
    at <unknown> ([ne
xt]/internal/font/goo
gle/assistant_e5ceda7
7.module.css:116:9)
    at <unknown> (htt
ps://nextjs.org/docs/
messages/module-not-f
ound)
    at <unknown> ([ne
xt]/internal/font/goo
gle/assistant_e5ceda7
7.module.css:125:9)
    at <unknown> (htt
ps://nextjs.org/docs/
messages/module-not-f
ound)
    at <unknown> ([ne
xt]/internal/font/goo
gle/assistant_e5ceda7
7.module.css:134:9)
    at <unknown> (htt
ps://nextjs.org/docs/
messages/module-not-f
ound)
